// Jest Snapshot v1, https://goo.gl/fbAQLP

exports[`Should render dashboard page correctly 1`] = `
<div>
  <div
    className="page-container"
  >
    <CryptoList />
  </div>
</div>
`;
